// Jest Snapshot v1, https://goo.gl/fbAQLP

exports[`size prop 1`] = `<div class="x-loading x-loading--circular"><span class="x-loading__spinner x-loading__spinner--circular" style="color: rgb(201, 201, 201); width: 20px; height: 20px;"><svg viewBox="25 25 50 50" class="x-loading__circular"><circle cx="50" cy="50" r="20" fill="none"></circle></svg></span></div>`;

exports[`text-size prop 1`] = `<div class="x-loading x-loading--circular"><span class="x-loading__spinner x-loading__spinner--circular" style="color: rgb(201, 201, 201);"><svg viewBox="25 25 50 50" class="x-loading__circular"><circle cx="50" cy="50" r="20" fill="none"></circle></svg></span><span class="x-loading__text" style="font-size: 20px; color: rgb(201, 201, 201);">Loading text</span></div>`;
