// Jest Snapshot v1, https://goo.gl/fbAQLP

exports[`renders demo correctly 1`] = `
<div>
  <div><button class="x-button x-button--primary x-button--large"><span class="x-button__text">
      文字提示
    </span></button></div>
  <div><button class="x-button x-button--primary x-button--large"><span class="x-button__text">
      加载提示
    </span></button></div>
  <div><button class="x-button x-button--info x-button--large"><span class="x-button__text">
      成功提示
    </span></button> <button class="x-button x-button--danger x-button--large"><span class="x-button__text">
      失败提示
    </span></button></div>
  <div><button class="x-button x-button--primary x-button--large"><span class="x-button__text">
      自定义图标
    </span></button> <button class="x-button x-button--primary x-button--large"><span class="x-button__text">
      展示图片
    </span></button></div>
  <div><button class="x-button x-button--primary x-button--large"><span class="x-button__text">
      高级用法
    </span></button></div>
</div>
`;
