// Jest Snapshot v1, https://goo.gl/fbAQLP

exports[`renders demo correctly 1`] = `
<div>
  <div>
    <div class="x-row" style="margin-left: -10px; margin-right: -10px;">
      <div class="x-col x-col--8" style="padding-left: 10px; padding-right: 10px;">8</div>
      <div class="x-col x-col--8" style="padding-left: 10px; padding-right: 10px;">8</div>
      <div class="x-col x-col--8" style="padding-left: 10px; padding-right: 10px;">8</div>
    </div>
  </div>
  <div>
    <div class="x-row x-row--flex">
      <div class="x-col x-col--6">6</div>
      <div class="x-col x-col--6">6</div>
      <div class="x-col x-col--6">6</div>
    </div>
    <div class="x-row x-row--flex x-row--justify-center">
      <div class="x-col x-col--6">6</div>
      <div class="x-col x-col--6">6</div>
      <div class="x-col x-col--6">6</div>
    </div>
    <div class="x-row x-row--flex x-row--justify-space-between">
      <div class="x-col x-col--6">6</div>
      <div class="x-col x-col--6">6</div>
      <div class="x-col x-col--6">6</div>
    </div>
  </div>
</div>
`;
